node.exe : FAIL 
client __tests__/modul
es/task-lists/task-lis
ts.test.tsx
No linha:1 caractere:1
+ & "C:\Program Files\
nodejs/node.exe" 
"C:\Program 
Files\nodejs/node_mo 
...
+ ~~~~~~~~~~~~~~~~~~~~
~~~~~~~~~~~~~~~~~~~~~~
~~~~~~~~~~~~~~~~~~~~~~
~~~~~
    + CategoryInfo    
          : NotSpeci  
  fied: (FAIL clien   
 t __t...-lists.te    
st.tsx:String) []    
, RemoteException
    + FullyQualifiedE 
   rrorId : NativeCo  
  mmandError
 
  ÔùÅ Test suite 
failed to run

    Jest encountered 
an unexpected token

    Jest failed to 
parse a file. This 
happens e.g. when 
your code or its 
dependencies use 
non-standard 
JavaScript syntax, or 
when Jest is not 
configured to support 
such syntax.

    Out of the box 
Jest supports Babel, 
which will be used to 
transform your files 
into valid JS based 
on your Babel 
configuration.

    By default 
"node_modules" folder 
is ignored by 
transformers.

    Here's what you 
can do:
     ÔÇó If you are 
trying to use 
ECMAScript Modules, 
see https://jestjs.io/
docs/ecmascript-module
s for how to enable 
it.
     ÔÇó If you are 
trying to use 
TypeScript, see https:
//jestjs.io/docs/getti
ng-started#using-types
cript
     ÔÇó To have some 
of your 
"node_modules" files 
transformed, you can 
specify a custom "tran
sformIgnorePatterns" 
in your config.
     ÔÇó If you need 
a custom 
transformation, 
specify a "transform" 
option in your config.
     ÔÇó If you 
simply want to mock 
your non-JS modules 
(e.g. binary assets) 
you can stub them out 
with the 
"moduleNameMapper" 
config option.

    You'll find more 
details and examples 
of these config 
options in the docs:
    https://jestjs.io/
docs/configuration
    For information 
about custom 
transformations, see:
    https://jestjs.io/
docs/code-transformati
on

    Details:

    C:\Users\mvpco\mvp
_2025\repositorios\v0-
mvp-geral\jest.client.
setup.ts:2
    import '@testing-l
ibrary/jest-dom';
    ^^^^^^

    SyntaxError: 
Cannot use import 
statement outside a 
module

      at Runtime.creat
eScriptFromCode (node_
modules/.pnpm/jest-run
time@30.1.3/node_modul
es/jest-runtime/build/
index.js:1318:40)

Test Suites: 1 
failed, 1 total
Tests:       0 total
Snapshots:   0 total
Time:        1.418 s
Ran all test suites 
matching __tests__/mod
ules/task-lists/task-l
ists.test.tsx.
